[
    {
        "id": 1,
        "medicineName": "バファリン",
        "medicineType": "解熱鎮痛剤"
    }
]